 ITEM=          23
 ALLOCATED N Array Successful!
 ALLOCATED P Array Successful!
 ALLOCATED Z Array Successful!
 ALLOCATED D Array Successful!
 NPZD model start
 ###############################
 TIME=   1.0000000000000000      N=  0.40000000000000002     
 TIME=   1.0000000000000000      P=  0.10000000000000001     
 TIME=   1.0000000000000000      Z=   5.0000000000000003E-002
 TIME=   1.0000000000000000      D=   8.0000000000000002E-002
 ###############################
 i=           1
 G=   2.6726058943621778E-002
 U=   7.7519379965846819E-002
 U=   7.7519379965846819E-002
 G=   2.6726058943621778E-002
 G=   2.6726058943621778E-002
 G=   2.6726058943621778E-002
 #######################
 K1N=  -5.8199780044782948E-002
 K1P=   3.5793320426178596E-002
 K1Z=   4.1815147359054441E-003
 K1D=   1.8224944882698914E-002
 ######################
 G=   2.8723039852945029E-002
 U=   8.8262545115688609E-002
 U=   8.8262545115688609E-002
 G=   2.8723039852945029E-002
 G=   2.8723039852945029E-002
 G=   2.8723039852945029E-002
 #######################
 K2N=  -6.7159247207481107E-002
 K2P=   4.1855005528061331E-002
 K2Z=   4.4673129600693359E-003
 K2D=   2.0836928719350438E-002
 ######################
 G=   2.8917768153088400E-002
 U=   9.0007321946375493E-002
 U=   9.0007321946375493E-002
 G=   2.8917768153088400E-002
 G=   2.8917768153088400E-002
 G=   2.8917768153088400E-002
 #######################
 K3N=  -6.8694256636681203E-002
 K3P=   4.2950427657898402E-002
 K3Z=   4.5010871689978322E-003
 K3D=   2.1373341003563612E-002
 ######################
 G=   3.0851224927552882E-002
 U=  0.10193705300903624     
 U=  0.10193705300903624     
 G=   3.0851224927552882E-002
 G=   3.0851224927552882E-002
 G=   3.0851224927552882E-002
 #######################
 K4N=  -7.8648445624373897E-002
 K4P=   4.9643263080747665E-002
 K4Z=   4.7424377292855204E-003
 K4D=   2.4262744814340712E-002
 ######################
 ###############################
 TIME=   2.0000000000000000      N=  0.33190746110708647     
 TIME=   2.0000000000000000      P=  0.14250790831314097     
 TIME=   2.0000000000000000      Z=   5.4476792120554215E-002
 TIME=   2.0000000000000000      D=  0.10115137152381129     
 ###############################
 i=           2
 G=   3.0826627953413083E-002
 U=  0.10170679567707795     
 U=  0.10170679567707795     
 G=   3.0826627953413083E-002
 G=   3.0826627953413083E-002
 G=   3.0826627953413083E-002
 #######################
 K1N=  -7.8451149865366887E-002
 K1P=   4.9503980627280397E-002
 K1Z=   4.7389361086071936E-003
 K1D=   2.4208233129479305E-002
 ######################
 G=   3.2676909750843232E-002
 U=  0.11368104774172139     
 U=  0.11368104774172139     
 G=   3.2676909750843232E-002
 G=   3.2676909750843232E-002
 G=   3.2676909750843232E-002
 #######################
 K2N=  -8.8340620821963547E-002
 K2P=   5.5915152199914296E-002
 K2Z=   4.9377301418431826E-003
 K2D=   2.7487738480206067E-002
 ######################
 G=   3.2785287072809956E-002
 U=  0.11512190802296768     
 U=  0.11512190802296768     
 G=   3.2785287072809956E-002
 G=   3.2785287072809956E-002
 G=   3.2785287072809956E-002
 #######################
 K3N=  -8.9570430738458440E-002
 K3P=   5.6766797272139534E-002
 K3Z=   4.9535138952334088E-003
 K3D=   2.8014094841065255E-002
 ######################
 G=   3.4591106942976402E-002
 U=  0.12679071376094223     
 U=  0.12679071376094223     
 G=   3.4591106942976402E-002
 G=   3.4591106942976402E-002
 G=   3.4591106942976402E-002
 #######################
 K4N=  -9.8927139914076714E-002
 K4P=   6.2308399792403935E-002
 K4Z=   5.1158154626139377E-003
 K4D=   3.1502924659058830E-002
 ######################
 ###############################
 TIME=   3.0000000000000000      N=  0.24304072895703854     
 TIME=   3.0000000000000000      P=  0.19870395487377296     
 TIME=   3.0000000000000000      Z=   5.9416332061449931E-002
 TIME=   3.0000000000000000      D=  0.12893717559565809     
 ###############################
 i=           3
 G=   3.4577020722409132E-002
 U=  0.12657121217921569     
 U=  0.12657121217921569     
 G=   3.4577020722409132E-002
 G=   3.4577020722409132E-002
 G=   3.4577020722409132E-002
 #######################
 K1N=  -9.8736776620077793E-002
 K1P=   6.2188597041372737E-002
 K1Z=   5.1139546649657999E-003
 K1D=   3.1434224913739248E-002
 ######################
 G=   3.6340964746146134E-002
 U=  0.13632302931754411     
 U=  0.13632302931754411     
 G=   3.6340964746146134E-002
 G=   3.6340964746146134E-002
 G=   3.6340964746146134E-002
 #######################
 K2N= -0.10602439037673544     
 K2P=   6.5512325192524756E-002
 K2Z=   5.2445501093004105E-003
 K2D=   3.5267515074910279E-002
 ######################
 G=   3.6391060117108805E-002
 U=  0.13664550064810096     
 U=  0.13664550064810096     
 G=   3.6391060117108805E-002
 G=   3.6391060117108805E-002
 G=   3.6391060117108805E-002
 #######################
 K3N= -0.10613056802763343     
 K3P=   6.5535421530877047E-002
 K3Z=   5.2489762563713710E-003
 K3D=   3.5537834751299582E-002
 ######################
 G=   3.8130211006791023E-002
 U=  0.14180483424227830     
 U=  0.14180483424227830     
 G=   3.8130211006791023E-002
 G=   3.8130211006791023E-002
 G=   3.8130211006791023E-002
 #######################
 K4N= -0.10859276073041345     
 K4P=   6.4038715199800353E-002
 K4Z=   5.3509506518588674E-003
 K4D=   3.9203094878754230E-002
 ######################
 ###############################
 TIME=   4.0000000000000000      N=  0.13776748659716703     
 TIME=   4.0000000000000000      P=  0.26342442248843573     
 TIME=   4.0000000000000000      Z=   6.4658325069477968E-002
 TIME=   4.0000000000000000      D=  0.16431184550314362     
 ###############################
 i=           4
 G=   3.8122020043906892E-002
 U=  0.14167686247003008     
 U=  0.14167686247003008     
 G=   3.8122020043906892E-002
 G=   3.8122020043906892E-002
 G=   3.8122020043906892E-002
 #######################
 K1N= -0.10848471155969756     
 K1P=   6.4041177482725919E-002
 K1Z=   5.3498060101864397E-003
 K1D=   3.9093728066785197E-002
 ######################
 G=   3.9840810839537812E-002
 U=  0.13663490494690589     
 U=  0.13663490494690589     
 G=   3.9840810839537812E-002
 G=   3.9840810839537812E-002
 G=   3.9840810839537812E-002
 #######################
 K2N= -0.10056780201685832     
 K2P=   5.2477340661908782E-002
 K2Z=   5.4264391069422310E-003
 K2D=   4.2664022248007319E-002
 ######################
 G=   3.9841250265219050E-002
 U=  0.13657484357373115     
 U=  0.13657484357373115     
 G=   3.9841250265219050E-002
 G=   3.9841250265219050E-002
 G=   3.9841250265219050E-002
 #######################
 K3N= -0.10032391949954202     
 K3P=   5.3284127659077002E-002
 K3Z=   5.4213875414227423E-003
 K3D=   4.1796919010763461E-002
 ######################
 G=   4.1540501910788626E-002
 U=  0.10764636717746007     
 U=  0.10764636717746007     
 G=   4.1540501910788626E-002
 G=   4.1540501910788626E-002
 G=   4.1540501910788626E-002
 #######################
 K4N=  -6.8415958124035170E-002
 K4P=   1.8599580856814464E-002
 K4Z=   5.4739593580707211E-003
 K4D=   4.4342417909149993E-002
 ######################
 ###############################
 TIME=   5.0000000000000000      N=   4.1320134477744797E-002
 TIME=   5.0000000000000000      P=  0.31245170498535441     
 TIME=   5.0000000000000000      Z=   7.0078228180309149E-002
 TIME=   5.0000000000000000      D=  0.20637151691872307     
 ###############################
 i=           5
 G=   4.1525876932794262E-002
 U=  0.11140506228033703     
 U=  0.11140506228033703     
 G=   4.1525876932794262E-002
 G=   4.1525876932794262E-002
 G=   4.1525876932794262E-002
 #######################
 K1N=  -7.2153412283703894E-002
 K1P=   2.3011427737382323E-002
 K1Z=   5.4705111683070904E-003
 K1D=   4.3671473378014483E-002
 ######################
 G=   4.3184030633826115E-002
 U=   2.9247608632117818E-002
 U=   2.9247608632117818E-002
 G=   4.3184030633826115E-002
 G=   4.3184030633826115E-002
 G=   4.3184030633826115E-002
 #######################
 K2N=   1.3125651162063948E-002
 K2P=  -6.2530036760751820E-002
 K2Z=   5.4942042405388553E-003
 K2D=   4.3910181358149017E-002
 ######################
 G=   4.3028541737468652E-002
 U=  0.11064924883248177     
 U=  0.11064924883248177     
 G=   4.3028541737468652E-002
 G=   4.3028541737468652E-002
 G=   4.3028541737468652E-002
 #######################
 K3N=  -6.8313639661481615E-002
 K3P=   2.5442702428263096E-002
 K3Z=   5.4536067009787938E-003
 K3D=   3.7429265931424316E-002
 ######################
 G=   4.4838019183583620E-002
 U=  -1.8103420385072015     
 U=  -1.8103420385072015     
 G=   4.4838019183583620E-002
 G=   4.4838019183583620E-002
 G=   4.4838019183583620E-002
 #######################
 K4N=   1.8552237221545864     
 K4P=  -1.9058642208168353     
 K4Z=   5.5044467153617599E-003
 K4D=   4.5136051946887218E-002
 ######################
 ###############################
 TIME=   6.0000000000000000      N=  0.32010252328975264     
 TIME=   6.0000000000000000      P=  -1.3719538638717277E-002
 TIME=   6.0000000000000000      Z=   7.5556658141426508E-002
 TIME=   6.0000000000000000      D=  0.24828592023606447     
 ###############################
 i=           6
 G=   6.0379773641089278E-003
 U=  -1.2897827046841694E-002
 U=  -1.2897827046841694E-002
 G=   6.0379773641089278E-003
 G=   6.0379773641089278E-003
 G=   6.0379773641089278E-003
 #######################
 K1N=   4.5427760639255466E-002
 K1P=  -1.6877873533368209E-002
 K1Z=  -4.1993142484731613E-003
 K1D=  -2.4350572857414092E-002
 ######################
 G=   1.2610938996219881E-002
 U=  -2.1320263868571134E-002
 U=  -2.1320263868571134E-002
 G=   1.2610938996219881E-002
 G=   1.2610938996219881E-002
 G=   1.2610938996219881E-002
 #######################
 K2N=   5.4488868633698659E-002
 K2P=  -3.0607431421906001E-002
 K2Z=  -2.2431962493844712E-003
 K2D=  -2.1638240962408184E-002
 ######################
 G=   1.8197308767015793E-002
 U=  -2.8362159494009997E-002
 U=  -2.8362159494009997E-002
 G=   1.8197308767015793E-002
 G=   1.8197308767015793E-002
 G=   1.8197308767015793E-002
 #######################
 K3N=   6.3654530114780894E-002
 K3P=  -4.2205979935583171E-002
 K3Z=  -9.9125096794088537E-004
 K3D=  -2.0321682614485696E-002
 ######################
 G=   3.2147972904790670E-002
 U=  -5.8403001590917637E-002
 U=  -5.8403001590917637E-002
 G=   3.2147972904790670E-002
 G=   3.2147972904790670E-002
 G=   3.2147972904790670E-002
 #######################
 K4N=   9.7368257119854390E-002
 K4P=  -8.2162146376221171E-002
 K4Z=   2.4769932792499654E-003
 K4D=  -1.7683104022883187E-002
 ######################
 ###############################
 TIME=   7.0000000000000000      N=  0.38328299249909747     
 TIME=   7.0000000000000000      P=  -5.4497345742811898E-002
 TIME=   7.0000000000000000      Z=   7.4191455574114190E-002
 TIME=   7.0000000000000000      D=  0.22729366623038363     
 ###############################
 i=           7
 G=   3.1515773016043219E-002
 U=  -5.6724029616606907E-002
 U=  -5.6724029616606907E-002
 G=   3.1515773016043219E-002
 G=   3.1515773016043219E-002
 G=   3.1515773016043219E-002
 #######################
 K1N=   9.5357974167106271E-002
 K1P=  -8.0065200446398851E-002
 K1Z=   2.3745711738050457E-003
 K1D=  -1.7667344894512466E-002
 ######################
 G=   3.9774646909849699E-002
 U= -0.10898192658622946     
 U= -0.10898192658622946     
 G=   3.9774646909849699E-002
 G=   3.9774646909849699E-002
 G=   3.9774646909849699E-002
 #######################
 K2N=  0.14963551491090871     
 K2P= -0.13457708103773508     
 K2Z=   4.2617071084428693E-003
 K2D=  -1.9320140981616524E-002
 ######################
 G=   4.2299733980376168E-002
 U= -0.15110567053326621     
 U= -0.15110567053326621     
 G=   4.2299733980376168E-002
 G=   4.2299733980376168E-002
 G=   4.2299733980376168E-002
 #######################
 K3N=  0.19265303807040576     
 K3P= -0.17513752084849002     
 K3Z=   4.7498386244128185E-003
 K3D=  -2.2347995651915208E-002
 ######################
 G=   4.6289446764617818E-002
 U= -0.40364968891838088     
 U= -0.40364968891838088     
 G=   4.6289446764617818E-002
 G=   4.6289446764617818E-002
 G=   4.6289446764617818E-002
 #######################
 K4N=  0.44565150225067740     
 K4P= -0.41549390432557293     
 K4Z=   5.3406337614160604E-003
 K4D=  -3.5498231686520484E-002
 ######################
 ###############################
 TIME=   8.0000000000000000      N=  0.58754742289583284     
 TIME=   8.0000000000000000      P= -0.24032873050021558     
 TIME=   8.0000000000000000      Z=   7.8481171640936265E-002
 TIME=   8.0000000000000000      D=  0.20454335792236755     
 ###############################
 i=           8
 G=   4.6110732168753721E-002
 U= -0.44027538754413303     
 U= -0.44027538754413303     
 G=   4.6110732168753721E-002
 G=   4.6110732168753721E-002
 G=   4.6110732168753721E-002
 #######################
 K1N=  0.48210556016363698     
 K1P= -0.45033680870538356     
 K1Z=   5.3683887400543320E-003
 K1D=  -3.7137140198307786E-002
 ######################
 G=   4.8425457878347192E-002
 U=  -6.5100736922600619     
 U=  -6.5100736922600619     
 G=   4.8425457878347192E-002
 G=   4.8425457878347192E-002
 G=   4.8425457878347192E-002
 #######################
 K2N=   6.5512393896940591     
 K2P=  -6.4886745771358942     
 K2Z=   5.5185478298931407E-003
 K2D=  -6.8083360388058900E-002
 ######################
 G=   4.8739352346111646E-002
 U=  0.57926311164852085     
 U=  0.57926311164852085     
 G=   4.8739352346111646E-002
 G=   4.8739352346111646E-002
 G=   4.8739352346111646E-002
 #######################
 K3N= -0.53952894671416440     
 K3P=   1.0532236829328616     
 K3Z=   5.5848280924095488E-003
 K3D= -0.52082687534365124     
 ######################
 G=   5.0346268993665941E-002
 U=  0.19053965156597419     
 U=  0.19053965156597419     
 G=   5.0346268993665941E-002
 G=   5.0346268993665941E-002
 G=   5.0346268993665941E-002
 #######################
 K4N= -0.19848664204013333     
 K4P=   1.8259134862179852E-002
 K4Z=   5.5194749372495860E-003
 K4D=  0.17470803224070391     
 ######################
 ###############################
 TIME=   9.0000000000000000      N=   2.6387207235763812     
 TIME=   9.0000000000000000      P=  -2.1241586408750939     
 TIME=   9.0000000000000000      Z=   8.3996940894587813E-002
 TIME=   9.0000000000000000      D=   3.1168428018863548E-002
 ###############################
 i=           9
 G=   5.0384487391665643E-002
 U=  0.64657484702426449     
 U=  0.64657484702426449     
 G=   5.0384487391665643E-002
 G=   5.0384487391665643E-002
 G=   5.0384487391665643E-002
 #######################
 K1N= -0.61977563659634216     
 K1P=  0.91481416842483498     
 K1Z=   5.5406357682675324E-003
 K1D= -0.30057916759676045     
 ######################
 G=   5.2037411174940984E-002
 U=  0.70518592619908671     
 U=  0.70518592619908671     
 G=   5.2037411174940984E-002
 G=   5.2037411174940984E-002
 G=   5.2037411174940984E-002
 #######################
 K2N= -0.69239713838847083     
 K2P=  0.90316125845816064     
 K2Z=   5.4807955977616103E-003
 K2D= -0.21624491566745138     
 ######################
 G=   5.2019626499040267E-002
 U=  0.70399296208559448     
 U=  0.70399296208559448     
 G=   5.2019626499040267E-002
 G=   5.2019626499040267E-002
 G=   5.2019626499040267E-002
 #######################
 K3N= -0.68699852183130794     
 K3P=  0.90286004730279812     
 K3Z=   5.4815407011345792E-003
 K3D= -0.21712635351332543     
 ######################
 G=   5.3643035024175924E-002
 U=  0.83378101786101100     
 U=  0.83378101786101100     
 G=   5.3643035024175924E-002
 G=   5.3643035024175924E-002
 G=   5.3643035024175924E-002
 #######################
 K4N= -0.82666820975747968     
 K4P=  0.96333277915218640     
 K4Z=   5.4043600873679518E-003
 K4D= -0.14206892948207456     
 ######################
 ###############################
 TIME=   10.000000000000000      N=   1.9378481957774847     
 TIME=   10.000000000000000      P=  -1.2091270476919374     
 TIME=   10.000000000000000      Z=   8.9475218970159129E-002
 TIME=   10.000000000000000      D= -0.18706334455453455     
 ###############################
 i=          10
 G=   5.3640188398445851E-002
 U=  0.83954900278462907     
 U=  0.83954900278462907     
 G=   5.3640188398445851E-002
 G=   5.3640188398445851E-002
 G=   5.3640188398445851E-002
 #######################
 K1N= -0.83254825983419867     
 K1P=  0.96727787874693272     
 K1Z=   5.4042322898535389E-003
 K1D= -0.14013385120258759     
 ######################
 G=   5.5177980713799028E-002
 U=   1.5776012621346234     
 U=   1.5776012621346234     
 G=   5.5177980713799028E-002
 G=   5.5177980713799028E-002
 G=   5.5177980713799028E-002
 #######################
 K2N=  -1.5766088940653376     
 K2P=   1.6312465019928410     
 K2Z=   5.2978340695309101E-003
 K2D=  -5.9935441997034433E-002
 ######################
 G=   5.4840632707139306E-002
 U=  -1.8005129830534952     
 U=  -1.8005129830534952     
 G=   5.4840632707139306E-002
 G=   5.4840632707139306E-002
 G=   5.4840632707139306E-002
 #######################
 K3N=   1.8053941421219248     
 K3P=  -1.7963280439108416     
 K3Z=   5.2233017421309848E-003
 K3D=  -1.0279479433184035E-002
 ######################
 G=   5.6811410066026032E-002
 U=  0.59501356957056162     
 U=  0.59501356957056162     
 G=   5.6811410066026032E-002
 G=   5.6811410066026032E-002
 G=   5.6811410066026032E-002
 #######################
 K4N= -0.58703227637154332     
 K4P=  0.98902044115886067     
 K4Z=   5.2350426914104693E-003
 K4D= -0.40722320747872798     
 ######################
 ###############################
 TIME=   11.000000000000000      N=   1.7775131890953901     
 TIME=   11.000000000000000      P= -0.93810450834697212     
 TIME=   11.000000000000000      Z=   9.4755476737590424E-002
 TIME=   11.000000000000000      D= -0.30169449481149330     
 ###############################
 i=          11
 G=   5.6774259549461845E-002
 U=   1.0528702688706797     
 U=   1.0528702688706797     
 G=   5.6774259549461845E-002
 G=   5.6774259549461845E-002
 G=   5.6774259549461845E-002
 #######################
 K1N=  -1.0553256120338164     
 K1P=   1.1368116911648023     
 K1Z=   5.2149645155974214E-003
 K1D=  -8.6701043646583376E-002
 ######################
 G=   5.7898845971601220E-002
 U=  -1.3853765635573183     
 U=  -1.3853765635573183     
 G=   5.7898845971601220E-002
 G=   5.7898845971601220E-002
 G=   5.7898845971601220E-002
 #######################
 K2N=   1.3794582270938778     
 K2P=  -1.3878206079106581     
 K2Z=   4.9951657085624789E-003
 K2D=   3.3672151082179309E-003
 ######################
 G=   5.8325012887716639E-002
 U=  0.71218547262566234     
 U=  0.71218547262566234     
 G=   5.8325012887716639E-002
 G=   5.8325012887716639E-002
 G=   5.8325012887716639E-002
 #######################
 K3N= -0.71348114918070804     
 K3P=  0.89866269131085719     
 K3Z=   5.1230956219490177E-003
 K3D= -0.18580122474725203     
 ######################
 G=   3.3526638373850004E-002
 U=  -4.1645404074524911E-002
 U=  -4.1645404074524911E-002
 G=   3.3526638373850004E-002
 G=   3.3526638373850004E-002
 G=   3.3526638373850004E-002
 #######################
 K4N=   1.3935351711810942E-002
 K4P=  -6.9255769657866117E-002
 K4Z=  -1.5940696231172540E-003
 K4D=   5.6914487569172431E-002
 ######################
 ###############################
 TIME=   12.000000000000000      N=   1.8259405050127790     
 TIME=   12.000000000000000      P= -0.92323116029574970     
 TIME=   12.000000000000000      Z=   9.8731712996507612E-002
 TIME=   12.000000000000000      D= -0.36747025737073979     
 ###############################
 i=          12
 G=   5.9154014398628163E-002
 U=   1.0730634343543848     
 U=   1.0730634343543848     
 G=   5.9154014398628163E-002
 G=   5.9154014398628163E-002
 G=   5.9154014398628163E-002
 #######################
 K1N=  -1.0805416839605722     
 K1P=   1.1523940995030055     
 K1Z=   5.0405524484322915E-003
 K1D=  -7.6892967990865715E-002
 ######################
 G=   6.0139477726915656E-002
 U=  -1.1084857338699088     
 U=  -1.1084857338699088     
 G=   6.0139477726915656E-002
 G=   6.0139477726915656E-002
 G=   6.0139477726915656E-002
 #######################
 K2N=   1.0979920528880744     
 K2P=  -1.1165700929467031     
 K2Z=   4.7829041105753537E-003
 K2D=   1.3795135948053105E-002
 ######################
 G=   6.0640057348844909E-002
 U=  0.74529348457359035     
 U=  0.74529348457359035     
 G=   6.0640057348844909E-002
 G=   6.0640057348844909E-002
 G=   6.0640057348844909E-002
 #######################
 K3N= -0.75111363982017110     
 K3P=  0.90688086707063531     
 K3Z=   4.9341198271185948E-003
 K3D= -0.15616694181306912     
 ######################
 G=   1.1142240277453997E-002
 U=  -1.6444054535707468E-002
 U=  -1.6444054535707468E-002
 G=   1.1142240277453997E-002
 G=   1.1142240277453997E-002
 G=   1.1142240277453997E-002
 #######################
 K4N=  -2.1496121830269381E-002
 K4P=  -2.5133750731938964E-002
 K4Z=  -7.9610448256525190E-003
 K4D=   5.4590917387860864E-002
 ######################
 ###############################
 TIME=   13.000000000000000      N=   1.7578936750702732     
 TIME=   13.000000000000000      P= -0.80525084412592784     
 TIME=   13.000000000000000      Z=  0.10148397224620222     
 TIME=   13.000000000000000      D= -0.41864453442624594     
 ###############################
 i=          13
 G=   6.0775569677248349E-002
 U=   1.2968663903296764     
 U=   1.2968663903296764     
 G=   6.0775569677248349E-002
 G=   6.0775569677248349E-002
 G=   6.0775569677248349E-002
 #######################
 K1N=  -1.3083759089828186     
 K1P=   1.3568784520709865     
 K1Z=   4.8948957964441448E-003
 K1D=  -5.3397438884611736E-002
 ######################
 G=   5.7944849346131741E-002
 U= -0.16540700169115158     
 U= -0.16540700169115158     
 G=   5.7944849346131741E-002
 G=   5.7944849346131741E-002
 G=   5.7944849346131741E-002
 #######################
 K2N=  0.15079621677797564     
 K2P= -0.20433010756786196     
 K2Z=   3.6844722432960927E-003
 K2D=   4.9849418546590252E-002
 ######################
 G=   6.1903631762889974E-002
 U=   1.0956936373194563     
 U=   1.0956936373194563     
 G=   6.1903631762889974E-002
 G=   6.1903631762889974E-002
 G=   6.1903631762889974E-002
 #######################
 K3N=  -1.1039611157922660     
 K3P=   1.1699023956516654     
 K3Z=   4.7996026050460827E-003
 K3D=  -6.5578539515960585E-002
 ######################
 G=   6.3188024471903942E-002
 U=  0.20161675826294015     
 U=  0.20161675826294015     
 G=   6.3188024471903942E-002
 G=   6.3188024471903942E-002
 G=   6.3188024471903942E-002
 #######################
 K4N= -0.21789081919123426     
 K4P=   8.3730998888682934E-002
 K4Z=   4.5008078348150859E-003
 K4D=  0.12965901246773623     
 ######################
 ###############################
 TIME=   14.000000000000000      N=   1.1857942540365010     
 TIME=   14.000000000000000      P= -0.24329183960471512     
 TIME=   14.000000000000000      Z=  0.10587794780085948     
 TIME=   14.000000000000000      D= -0.41117731248551531     
 ###############################
 i=          14
 G=   6.2238695207951611E-002
 U= -0.46217572094582804     
 U= -0.46217572094582804     
 G=   6.2238695207951611E-002
 G=   6.2238695207951611E-002
 G=   6.2238695207951611E-002
 #######################
 K1N=  0.45280689914985756     
 K1P= -0.48792063876294001     
 K1Z=   4.3495339714663787E-003
 K1D=   3.0764205641616138E-002
 ######################
 G=   6.4498833676569792E-002
 U=  -18.713621422392404     
 U=  -18.713621422392404     
 G=   6.4498833676569792E-002
 G=   6.4498833676569792E-002
 G=   6.4498833676569792E-002
 #######################
 K2N=   18.707001905967946     
 K2P=  -18.705032429316798     
 K2Z=   4.4493192463897074E-003
 K2D=  -6.4187958975407064E-003
 ######################
 G=   6.4860704143366726E-002
 U=  0.52598796907770440     
 U=  0.52598796907770440     
 G=   6.4860704143366726E-002
 G=   6.4860704143366726E-002
 G=   6.4860704143366726E-002
 #######################
 K3N= -0.53433643378890727     
 K3P=   1.9004985302692781     
 K3Z=   4.5290023039624740E-003
 K3D=  -1.3725502488889945     
 ######################
 G=   6.6214637710953220E-002
 U=  0.36719963956545831     
 U=  0.36719963956545831     
 G=   6.6214637710953220E-002
 G=   6.6214637710953220E-002
 G=   6.6214637710953220E-002
 #######################
 K4N= -0.51153187241653331     
 K4P=   5.2403988377099045E-002
 K4Z=   4.3639647962896624E-003
 K4D=  0.45476391924314463     
 ######################
 ###############################
 TIME=   15.000000000000000      N=   7.2335619158850664     
 TIME=   15.000000000000000      P=  -5.9173892476848602     
 TIME=   15.000000000000000      Z=  0.11032297144560288     
 TIME=   15.000000000000000      D= -0.78991230660023359     
 ###############################
 i=          15
 G=   6.6191469821419477E-002
 U=  0.54389198818231355     
 U=  0.54389198818231355     
 G=   6.6191469821419477E-002
 G=   6.6191469821419477E-002
 G=   6.6191469821419477E-002
 #######################
 K1N= -0.58886887608177207     
 K1P=   1.3653089407840115     
 K1Z=   4.3767094267675600E-003
 K1D= -0.78081677412900696     
 ######################
 G=   6.7503780686478082E-002
 U=  0.55042162470107281     
 U=  0.55042162470107281     
 G=   6.7503780686478082E-002
 G=   6.7503780686478082E-002
 G=   6.7503780686478082E-002
 #######################
 K2N= -0.63351864880059128     
 K2P=   1.2681280918099738     
 K2Z=   4.2171466575656440E-003
 K2D= -0.63882658966694805     
 ######################
 G=   6.7455969203853286E-002
 U=  0.54987992278193676     
 U=  0.54987992278193676     
 G=   6.7455969203853286E-002
 G=   6.7455969203853286E-002
 G=   6.7455969203853286E-002
 #######################
 K3N= -0.62591116159615368     
 K3P=   1.2749227653361366     
 K3Z=   4.2231400406086243E-003
 K3D= -0.64613523445169774     
 ######################
 G=   6.8723763503689472E-002
 U=  0.55781791834843386     
 U=  0.55781791834843386     
 G=   6.8723763503689472E-002
 G=   6.8723763503689472E-002
 G=   6.8723763503689472E-002
 #######################
 K4N= -0.66562302007949925     
 K4P=   1.1854641548683094     
 K4Z=   4.0601292193107718E-003
 K4D= -0.52390126400812098     
 ######################
 ###############################
 TIME=   16.000000000000000      N=   6.6046699963926061     
 TIME=   16.000000000000000      P=  -4.6445767793607704     
 TIME=   16.000000000000000      Z=  0.11454254011934069     
 TIME=   16.000000000000000      D=  -1.4356859209959700     
 ###############################
 i=          16
 G=   6.8721624353696720E-002
 U=  0.55778619075832758     
 U=  0.55778619075832758     
 G=   6.8721624353696720E-002
 G=   6.8721624353696720E-002
 G=   6.8721624353696720E-002
 #######################
 K1N= -0.66555665456240443     
 K1P=   1.1857511109925811     
 K1Z=   4.0604125914334085E-003
 K1D= -0.52425486902161023     
 ######################
 G=   6.9938431750196789E-002
 U=  0.56767348184647892     
 U=  0.56767348184647892     
 G=   6.9938431750196789E-002
 G=   6.9938431750196789E-002
 G=   6.9938431750196789E-002
 #######################
 K2N= -0.70078593132567701     
 K2P=   1.1054902578259755     
 K2Z=   3.8954027307999198E-003
 K2D= -0.40859972923109822     
 ######################
 G=   6.9889034269953063E-002
 U=  0.56688319278647270     
 U=  0.56688319278647270     
 G=   6.9889034269953063E-002
 G=   6.9889034269953063E-002
 G=   6.9889034269953063E-002
 #######################
 K3N= -0.69424841520467973     
 K3P=   1.1107689304729043     
 K3Z=   3.9022822063150761E-003
 K3D= -0.41464004039884417     
 ######################
 G=   7.1059925542030708E-002
 U=  0.57946346252478720     
 U=  0.57946346252478720     
 G=   7.1059925542030708E-002
 G=   7.1059925542030708E-002
 G=   7.1059925542030708E-002
 #######################
 K4N= -0.72701710912503259     
 K4P=   1.0384747353790724     
 K4Z=   3.7358054497515156E-003
 K4D= -0.31519343170379155     
 ######################
 ###############################
 TIME=   17.000000000000000      N=   5.9075629202679147     
 TIME=   17.000000000000000      P=  -3.5351194088658682     
 TIME=   17.000000000000000      Z=  0.11844113810524318     
 TIME=   17.000000000000000      D=  -1.8500072276601844     
 ###############################
 i=          17
 G=   7.1057720397254234E-002
 U=  0.57942661700689091     
 U=  0.57942661700689091     
 G=   7.1057720397254234E-002
 G=   7.1057720397254234E-002
 G=   7.1057720397254234E-002
 #######################
 K1N= -0.72694999067109434     
 K1P=   1.0386368290104706     
 K1Z=   3.7361269036482719E-003
 K1D= -0.31542296524302449     
 ######################
 G=   7.2175802547219559E-002
 U=  0.59614608239663958     
 U=  0.59614608239663958     
 G=   7.2175802547219559E-002
 G=   7.2175802547219559E-002
 G=   7.2175802547219559E-002
 #######################
 K2N= -0.75862563665021887     
 K2P=  0.97634044697908962     
 K2Z=   3.5696466575058424E-003
 K2D= -0.22128445698637664     
 ######################
 G=   7.2126062774455088E-002
 U=  0.59492817012881627     
 U=  0.59492817012881627     
 G=   7.2126062774455088E-002
 G=   7.2126062774455088E-002
 G=   7.2126062774455088E-002
 #######################
 K3N= -0.75273723520165947     
 K3P=  0.97984450332204198     
 K3Z=   3.5772338908850558E-003
 K3D= -0.22597757652829667     
 ######################
 G=   7.3197293409274181E-002
 U=  0.61804135870358279     
 U=  0.61804135870358279     
 G=   7.3197293409274181E-002
 G=   7.3197293409274181E-002
 G=   7.3197293409274181E-002
 #######################
 K4N= -0.78659625132640554     
 K4P=  0.92813531635650781     
 K4Z=   3.4108402477330147E-003
 K4D= -0.14494990527783524     
 ######################
 ###############################
 TIME=   18.000000000000000      N=   5.1515175893177050     
 TIME=   18.000000000000000      P=  -2.5552624012043279     
 TIME=   18.000000000000000      Z=  0.12201459281327036     
 TIME=   18.000000000000000      D=  -2.0758233839185523     
 ###############################
 i=          18
 G=   7.3195026190427212E-002
 U=  0.61803979808177101     
 U=  0.61803979808177101     
 G=   7.3195026190427212E-002
 G=   7.3195026190427212E-002
 G=   7.3195026190427212E-002
 #######################
 K1N= -0.78658021910480702     
 K1P=  0.92813414730254384     
 K1Z=   3.4111956882186371E-003
 K1D= -0.14496512388595537     
 ######################
 G=   7.4211329133801893E-002
 U=  0.65299752542313561     
 U=  0.65299752542313561     
 G=   7.4211329133801893E-002
 G=   7.4211329133801893E-002
 G=   7.4211329133801893E-002
 #######################
 K2N= -0.82803169804692622     
 K2P=  0.89246550788678758     
 K2Z=   3.2461467071520974E-003
 K2D=  -6.7679956547013531E-002
 ######################
 G=   7.4162178064839615E-002
 U=  0.65124914353173358     
 U=  0.65124914353173358     
 G=   7.4162178064839615E-002
 G=   7.4162178064839615E-002
 G=   7.4162178064839615E-002
 #######################
 K3N= -0.82245569066551094     
 K3P=  0.89344142512683034     
 K3Z=   3.2542720210253472E-003
 K3D=  -7.0375748057815712E-002
 ######################
 G=   7.5127996943142053E-002
 U=  0.71025743273553688     
 U=  0.71025743273553688     
 G=   7.5127996943142053E-002
 G=   7.5127996943142053E-002
 G=   7.5127996943142053E-002
 #######################
 K4N= -0.88439282065799452     
 K4P=  0.88440259210924432     
 K4Z=   3.0897107389124684E-003
 K4D=  -3.0994821901622616E-003
 ######################
 ###############################
 TIME=   19.000000000000000      N=   4.3228596197864260     
 TIME=   19.000000000000000      P=  -1.6578706336311573     
 TIME=   19.000000000000000      Z=  0.12526488346051803     
 TIME=   19.000000000000000      D=  -2.1465193864661818     
 ###############################
 i=          19
 G=   7.5125450252533810E-002
 U=  0.71097949408421424     
 U=  0.71097949408421424     
 G=   7.5125450252533810E-002
 G=   7.5125450252533810E-002
 G=   7.5125450252533810E-002
 #######################
 K1N= -0.88514874533256049     
 K1P=  0.88453464875803300     
 K1Z=   3.0900715347562877E-003
 K1D=  -2.4759749602287495E-003
 ######################
 G=   7.6022931866760124E-002
 U=  0.84283924810615696     
 U=  0.84283924810615696     
 G=   7.6022931866760124E-002
 G=   7.6022931866760124E-002
 G=   7.6022931866760124E-002
 #######################
 K2N=  -1.0164466645736878     
 K2P=  0.94915681987277833     
 K2Z=   2.9249773521044797E-003
 K2D=   6.4364867348804894E-002
 ######################
 G=   7.5969961155404248E-002
 U=  0.85911917382728897     
 U=  0.85911917382728897     
 G=   7.5969961155404248E-002
 G=   7.5969961155404248E-002
 G=   7.5969961155404248E-002
 #######################
 K3N=  -1.0294229572309546     
 K3P=  0.96064305327907118     
 K3Z=   2.9326634402102973E-003
 K3D=   6.9189282676925035E-002
 ######################
 G=   7.6725189757684525E-002
 U=   1.7516156840993073     
 U=   1.7516156840993073     
 G=   7.6725189757684525E-002
 G=   7.6725189757684525E-002
 G=   7.6725189757684525E-002
 #######################
 K4N=  -1.9175947729161966     
 K4P=   1.7794746355502358     
 K4Z=   2.7466864080566943E-003
 K4D=  0.13537345095790401     
 ######################
 ###############################
 TIME=   20.000000000000000      N=   3.1737791594767524     
 TIME=   20.000000000000000      P= -0.57726912852916268     
 TIME=   20.000000000000000      Z=  0.12819022338175845     
 TIME=   20.000000000000000      D=  -2.0798517571246591     
 ###############################
 i=          20
 G=   7.6632433713575893E-002
 U=   3.7004663136385836     
 U=   3.7004663136385836     
 G=   7.6632433713575893E-002
 G=   7.6632433713575893E-002
 G=   7.6632433713575893E-002
 #######################
 K1N=  -3.8667300549492425     
 K1P=   3.7104242526451743     
 K1Z=   2.7253750577288412E-003
 K1D=  0.15358042724633911     
 ######################
 G=   7.7673487562221075E-002
 U=  0.35090135362949226     
 U=  0.35090135362949226     
 G=   7.7673487562221075E-002
 G=   7.7673487562221075E-002
 G=   7.7673487562221075E-002
 #######################
 K2N= -0.50879130232495262     
 K2P=   8.1536408781123684E-002
 K2Z=   2.6344151651394795E-003
 K2D=  0.42462047837868944     
 ######################
 G=   7.7375157904461450E-002
 U=   7.2743890020316044     
 U=   7.2743890020316044     
 G=   7.7375157904461450E-002
 G=   7.7375157904461450E-002
 G=   7.7375157904461450E-002
 #######################
 K3N=  -7.4188371788099152     
 K3P=   7.2774889859457286     
 K3Z=   2.5716148011351338E-003
 K3D=  0.15232858082161008     
 ######################
 G=   7.8454965215889266E-002
 U=  0.46859038550982191     
 U=  0.46859038550982191     
 G=   7.8454965215889266E-002
 G=   7.8454965215889266E-002
 G=   7.8454965215889266E-002
 #######################
 K4N= -0.61835390813736579     
 K4P= -0.61489759825497470     
 K4Z=   2.5150829790030714E-003
 K4D=   1.2307364234133376     
 ######################
 ###############################
 TIME=   21.000000000000000      N= -0.21627766141597160     
 TIME=   21.000000000000000      P=   2.3916604454448214     
 TIME=   21.000000000000000      Z=  0.13079897637663865     
 TIME=   21.000000000000000      D=  -1.6568159289479465     
 ###############################
 i=          21
 G=   7.8462585447773930E-002
 U=  0.48014578121221241     
 U=  0.48014578121221241     
 G=   7.8462585447773930E-002
 G=   7.8462585447773930E-002
 G=   7.8462585447773930E-002
 #######################
 K1N= -0.60282635012803176     
 K1P=   4.2934114692308151E-002
 K1Z=   2.5072741407670060E-003
 K1D=  0.55738496129495652     
 ######################
 G=   7.9214907093276388E-002
 U=  0.43965970280943323     
 U=  0.43965970280943323     
 G=   7.9214907093276388E-002
 G=   7.9214907093276388E-002
 G=   7.9214907093276388E-002
 #######################
 K2N= -0.53389323659532728     
 K2P=  -1.5243440858502266E-003
 K2Z=   2.3658340551304391E-003
 K2D=  0.53305174662604715     
 ######################
 G=   7.9172172915853226E-002
 U=  0.44089367881251329     
 U=  0.44089367881251329     
 G=   7.9172172915853226E-002
 G=   7.9172172915853226E-002
 G=   7.9172172915853226E-002
 #######################
 K3N= -0.53637664816072261     
 K3P=   3.0867506355113788E-003
 K3Z=   2.3738230424046776E-003
 K3D=  0.52969941373123142     
 ######################
 G=   7.9886618435907553E-002
 U=  0.43080822984646666     
 U=  0.43080822984646666     
 G=   7.9886618435907553E-002
 G=   7.9886618435907553E-002
 G=   7.9886618435907553E-002
 #######################
 K4N= -0.49942230341116345     
 K4P=  -8.2904822752963847E-003
 K4Z=   2.2366601038721380E-003
 K4D=  0.50547612558258770     
 ######################
 ###############################
 TIME=   22.000000000000000      N= -0.75674239859118742     
 TIME=   22.000000000000000      P=   2.3979551863642103     
 TIME=   22.000000000000000      Z=  0.13316951778325689     
 TIME=   22.000000000000000      D=  -1.1254220276825964     
 ###############################
 i=          22
 G=   7.9884695491041005E-002
 U=  0.43081118530865004     
 U=  0.43081118530865004     
 G=   7.9884695491041005E-002
 G=   7.9884695491041005E-002
 G=   7.9884695491041005E-002
 #######################
 K1N= -0.49925731872772067     
 K1P=  -8.7668024299492192E-003
 K1Z=   2.2370534061350762E-003
 K1D=  0.50578706775153481     
 ######################
 G=   8.0555605697973987E-002
 U=  0.42630992237020110     
 U=  0.42630992237020110     
 G=   8.0555605697973987E-002
 G=   8.0555605697973987E-002
 G=   8.0555605697973987E-002
 #######################
 K2N= -0.46894614322243289     
 K2P=  -1.3281465366957790E-002
 K2Z=   2.1056225325324501E-003
 K2D=  0.48012198605685819     
 ######################
 G=   8.0516152352444775E-002
 U=  0.42644073704681212     
 U=  0.42644073704681212     
 G=   8.0516152352444775E-002
 G=   8.0516152352444775E-002
 G=   8.0516152352444775E-002
 #######################
 K3N= -0.47039087688392428     
 K3P=  -1.2772597611087261E-002
 K3Z=   2.1134044726327378E-003
 K3D=  0.47976681591852299     
 ######################
 G=   8.1152282529052031E-002
 U=  0.42370887617909875     
 U=  0.42370887617909875     
 G=   8.1152282529052031E-002
 G=   8.1152282529052031E-002
 G=   8.1152282529052031E-002
 #######################
 K4N= -0.44319267496477543     
 K4P=  -1.5220808879717815E-002
 K4Z=   1.9866015781699331E-003
 K4D=  0.45642688226632333     
 ######################
 ###############################
 TIME=   23.000000000000000      N=  -1.2269297375753891     
 TIME=   23.000000000000000      P=   2.3852725634865841     
 TIME=   23.000000000000000      Z=  0.13527980261569611     
 TIME=   23.000000000000000      D= -0.64509010202115968     
 ###############################
 i=          23
 G=   8.1150412465751484E-002
 U=  0.42371340746230390     
 U=  0.42371340746230390     
 G=   8.1150412465751484E-002
 G=   8.1150412465751484E-002
 G=   8.1150412465751484E-002
 #######################
 K1N= -0.44314215645211219     
 K1P=  -1.5227903743767576E-002
 K1Z=   1.9869781206961722E-003
 K1D=  0.45638308207518363     
 ######################
 G=   8.1746264728853338E-002
 U=  0.42186100780963282     
 U=  0.42186100780963282     
 G=   8.1746264728853338E-002
 G=   8.1746264728853338E-002
 G=   8.1746264728853338E-002
 #######################
 K2N= -0.41800418607253048     
 K2P=  -1.6534062833375288E-002
 K2Z=   1.8661561579891225E-003
 K2D=  0.43267209274791663     
 ######################
 G=   8.1710016262686758E-002
 U=  0.42191897634587333     
 U=  0.42191897634587333     
 G=   8.1710016262686758E-002
 G=   8.1710016262686758E-002
 G=   8.1710016262686758E-002
 #######################
 K3N= -0.41927612724418889     
 K3P=  -1.6341883895354958E-002
 K3Z=   1.8735551985256532E-003
 K3D=  0.43255890645698880     
 ######################
 G=   8.2274058455758248E-002
 U=  0.42052301360741989     
 U=  0.42052301360741989     
 G=   8.2274058455758248E-002
 G=   8.2274058455758248E-002
 G=   8.2274058455758248E-002
 #######################
 K4N= -0.39581464955155543     
 K4P=  -1.7090660906949884E-002
 K4Z=   1.7574710542236117E-003
 K4D=  0.41114783940428168     
 ######################
 ###############################
 TIME=   24.000000000000000      N=  -1.6458493096815734     
 TIME=   24.000000000000000      P=   2.3689274871352213     
 TIME=   24.000000000000000      Z=  0.13715044793035433     
 TIME=   24.000000000000000      D= -0.21209128203961364     
 ###############################
